<!DOCTYPE html PUBLIC "-//W3C//DTD XHTML 1.0 Transitional//EN" "http://www.w3.org/TR/xhtml1/DTD/xhtml1-transitional.dtd">
<html xmlns="http://www.w3.org/1999/xhtml">
<head>
<meta http-equiv="Content-Type" content="text/xhtml;charset=UTF-8"/>
<meta http-equiv="X-UA-Compatible" content="IE=9"/>
<meta name="generator" content="Doxygen 1.8.14"/>
<meta name="viewport" content="width=device-width, initial-scale=1"/>
<title>Motr: stats_expected Struct Reference</title>
<link href="../../tabs.css" rel="stylesheet" type="text/css"/>
<script type="text/javascript" src="../../jquery.js"></script>
<script type="text/javascript" src="../../dynsections.js"></script>
<link href="../../navtree.css" rel="stylesheet" type="text/css"/>
<script type="text/javascript" src="../../resize.js"></script>
<script type="text/javascript" src="../../navtreedata.js"></script>
<script type="text/javascript" src="../../navtree.js"></script>
<script type="text/javascript">
/* @license magnet:?xt=urn:btih:cf05388f2679ee054f2beb29a391d25f4e673ac3&amp;dn=gpl-2.0.txt GPL-v2 */
  $(document).ready(initResizable);
/* @license-end */</script>
<link href="../../doxygen.css" rel="stylesheet" type="text/css" />
</head>
<body>
<div id="top"><!-- do not remove this div, it is closed by doxygen! -->
<div id="titlearea">
<table cellspacing="0" cellpadding="0">
 <tbody>
 <tr style="height: 56px;">
  <td id="projectalign" style="padding-left: 0.5em;">
   <div id="projectname">Motr
   &#160;<span id="projectnumber">M0</span>
   </div>
  </td>
 </tr>
 </tbody>
</table>
</div>
<!-- end header part -->
<!-- Generated by Doxygen 1.8.14 -->
<script type="text/javascript" src="../../menudata.js"></script>
<script type="text/javascript" src="../../menu.js"></script>
<script type="text/javascript">
/* @license magnet:?xt=urn:btih:cf05388f2679ee054f2beb29a391d25f4e673ac3&amp;dn=gpl-2.0.txt GPL-v2 */
$(function() {
  initMenu('../../',false,false,'search.php','Search');
});
/* @license-end */</script>
<div id="main-nav"></div>
</div><!-- top -->
<div id="side-nav" class="ui-resizable side-nav-resizable">
  <div id="nav-tree">
    <div id="nav-tree-contents">
      <div id="nav-sync" class="sync"></div>
    </div>
  </div>
  <div id="splitbar" style="-moz-user-select:none;" 
       class="ui-resizable-handle">
  </div>
</div>
<script type="text/javascript">
/* @license magnet:?xt=urn:btih:cf05388f2679ee054f2beb29a391d25f4e673ac3&amp;dn=gpl-2.0.txt GPL-v2 */
$(document).ready(function(){initNavTree('d0/da5/structstats__expected.html','../../');});
/* @license-end */
</script>
<div id="doc-content">
<div class="header">
  <div class="summary">
<a href="#pub-attribs">Data Fields</a>  </div>
  <div class="headertitle">
<div class="title">stats_expected Struct Reference</div>  </div>
</div><!--header-->
<div class="contents">
<div class="dynheader">
Collaboration diagram for stats_expected:</div>
<div class="dyncontent">
<div class="center"><img src="../../d9/d16/structstats__expected__coll__graph.png" border="0" usemap="#stats__expected_coll__map" alt="Collaboration graph"/></div>
<map name="stats__expected_coll__map" id="stats__expected_coll__map">
</map>
</div>
<table class="memberdecls">
<tr class="heading"><td colspan="2"><h2 class="groupheader"><a name="pub-attribs"></a>
Data Fields</h2></td></tr>
<tr class="memitem:a4a5ca987f361852517be1a5c93c41f45"><td class="memItemLeft" align="right" valign="top">unsigned long&#160;</td><td class="memItemRight" valign="bottom"><a class="el" href="../../d0/da5/structstats__expected.html#a4a5ca987f361852517be1a5c93c41f45">se_count</a></td></tr>
<tr class="separator:a4a5ca987f361852517be1a5c93c41f45"><td class="memSeparator" colspan="2">&#160;</td></tr>
<tr class="memitem:a2573d9d3d88314374c2bbed1269621a1"><td class="memItemLeft" align="right" valign="top">unsigned long&#160;</td><td class="memItemRight" valign="bottom"><a class="el" href="../../d0/da5/structstats__expected.html#a2573d9d3d88314374c2bbed1269621a1">se_min</a></td></tr>
<tr class="separator:a2573d9d3d88314374c2bbed1269621a1"><td class="memSeparator" colspan="2">&#160;</td></tr>
<tr class="memitem:adca7661b169abdde52283c3b07b777cf"><td class="memItemLeft" align="right" valign="top">unsigned long&#160;</td><td class="memItemRight" valign="bottom"><a class="el" href="../../d0/da5/structstats__expected.html#adca7661b169abdde52283c3b07b777cf">se_max</a></td></tr>
<tr class="separator:adca7661b169abdde52283c3b07b777cf"><td class="memSeparator" colspan="2">&#160;</td></tr>
<tr class="memitem:aac817de95d2a9718ea5b6565d28f7692"><td class="memItemLeft" align="right" valign="top">double&#160;</td><td class="memItemRight" valign="bottom"><a class="el" href="../../d0/da5/structstats__expected.html#aac817de95d2a9718ea5b6565d28f7692">se_sum</a></td></tr>
<tr class="separator:aac817de95d2a9718ea5b6565d28f7692"><td class="memSeparator" colspan="2">&#160;</td></tr>
<tr class="memitem:acf60bccae14932cf396d5452c97e6ae1"><td class="memItemLeft" align="right" valign="top">double&#160;</td><td class="memItemRight" valign="bottom"><a class="el" href="../../d0/da5/structstats__expected.html#acf60bccae14932cf396d5452c97e6ae1">se_avg</a></td></tr>
<tr class="separator:acf60bccae14932cf396d5452c97e6ae1"><td class="memSeparator" colspan="2">&#160;</td></tr>
<tr class="memitem:ab1295ec275ab05ef236dcec48cf75c54"><td class="memItemLeft" align="right" valign="top">double&#160;</td><td class="memItemRight" valign="bottom"><a class="el" href="../../d0/da5/structstats__expected.html#ab1295ec275ab05ef236dcec48cf75c54">se_stddev</a></td></tr>
<tr class="separator:ab1295ec275ab05ef236dcec48cf75c54"><td class="memSeparator" colspan="2">&#160;</td></tr>
</table>
<a name="details" id="details"></a><h2 class="groupheader">Detailed Description</h2>
<div class="textblock">
<p class="definition">Definition at line <a class="el" href="../../d3/dba/ut_2stats_8c_source.html#l00045">45</a> of file <a class="el" href="../../d3/dba/ut_2stats_8c_source.html">stats.c</a>.</p>
</div><h2 class="groupheader">Field Documentation</h2>
<a id="acf60bccae14932cf396d5452c97e6ae1"></a>
<h2 class="memtitle"><span class="permalink"><a href="#acf60bccae14932cf396d5452c97e6ae1">&#9670;&nbsp;</a></span>se_avg</h2>

<div class="memitem">
<div class="memproto">
      <table class="memname">
        <tr>
          <td class="memname">double se_avg</td>
        </tr>
      </table>
</div><div class="memdoc">

<p class="definition">Definition at line <a class="el" href="../../d3/dba/ut_2stats_8c_source.html#l00051">51</a> of file <a class="el" href="../../d3/dba/ut_2stats_8c_source.html">stats.c</a>.</p>

</div>
</div>
<a id="a4a5ca987f361852517be1a5c93c41f45"></a>
<h2 class="memtitle"><span class="permalink"><a href="#a4a5ca987f361852517be1a5c93c41f45">&#9670;&nbsp;</a></span>se_count</h2>

<div class="memitem">
<div class="memproto">
      <table class="memname">
        <tr>
          <td class="memname">unsigned long se_count</td>
        </tr>
      </table>
</div><div class="memdoc">

<p class="definition">Definition at line <a class="el" href="../../d3/dba/ut_2stats_8c_source.html#l00046">46</a> of file <a class="el" href="../../d3/dba/ut_2stats_8c_source.html">stats.c</a>.</p>

</div>
</div>
<a id="adca7661b169abdde52283c3b07b777cf"></a>
<h2 class="memtitle"><span class="permalink"><a href="#adca7661b169abdde52283c3b07b777cf">&#9670;&nbsp;</a></span>se_max</h2>

<div class="memitem">
<div class="memproto">
      <table class="memname">
        <tr>
          <td class="memname">unsigned long se_max</td>
        </tr>
      </table>
</div><div class="memdoc">

<p class="definition">Definition at line <a class="el" href="../../d3/dba/ut_2stats_8c_source.html#l00048">48</a> of file <a class="el" href="../../d3/dba/ut_2stats_8c_source.html">stats.c</a>.</p>

</div>
</div>
<a id="a2573d9d3d88314374c2bbed1269621a1"></a>
<h2 class="memtitle"><span class="permalink"><a href="#a2573d9d3d88314374c2bbed1269621a1">&#9670;&nbsp;</a></span>se_min</h2>

<div class="memitem">
<div class="memproto">
      <table class="memname">
        <tr>
          <td class="memname">unsigned long se_min</td>
        </tr>
      </table>
</div><div class="memdoc">

<p class="definition">Definition at line <a class="el" href="../../d3/dba/ut_2stats_8c_source.html#l00047">47</a> of file <a class="el" href="../../d3/dba/ut_2stats_8c_source.html">stats.c</a>.</p>

</div>
</div>
<a id="ab1295ec275ab05ef236dcec48cf75c54"></a>
<h2 class="memtitle"><span class="permalink"><a href="#ab1295ec275ab05ef236dcec48cf75c54">&#9670;&nbsp;</a></span>se_stddev</h2>

<div class="memitem">
<div class="memproto">
      <table class="memname">
        <tr>
          <td class="memname">double se_stddev</td>
        </tr>
      </table>
</div><div class="memdoc">

<p class="definition">Definition at line <a class="el" href="../../d3/dba/ut_2stats_8c_source.html#l00052">52</a> of file <a class="el" href="../../d3/dba/ut_2stats_8c_source.html">stats.c</a>.</p>

</div>
</div>
<a id="aac817de95d2a9718ea5b6565d28f7692"></a>
<h2 class="memtitle"><span class="permalink"><a href="#aac817de95d2a9718ea5b6565d28f7692">&#9670;&nbsp;</a></span>se_sum</h2>

<div class="memitem">
<div class="memproto">
      <table class="memname">
        <tr>
          <td class="memname">double se_sum</td>
        </tr>
      </table>
</div><div class="memdoc">

<p class="definition">Definition at line <a class="el" href="../../d3/dba/ut_2stats_8c_source.html#l00050">50</a> of file <a class="el" href="../../d3/dba/ut_2stats_8c_source.html">stats.c</a>.</p>

</div>
</div>
<hr/>The documentation for this struct was generated from the following file:<ul>
<li>net/test/ut/<a class="el" href="../../d3/dba/ut_2stats_8c_source.html">stats.c</a></li>
</ul>
</div><!-- contents -->
</div><!-- doc-content -->
<!-- start footer part -->
<div id="nav-path" class="navpath"><!-- id is needed for treeview function! -->
  <ul>
    <li class="navelem"><a class="el" href="../../d0/da5/structstats__expected.html">stats_expected</a></li>
    <li class="footer">Generated on Thu Apr 14 2022 14:04:05 for Motr by
    <a href="http://www.doxygen.org/index.html">
    <img class="footer" src="../../doxygen.png" alt="doxygen"/></a> 1.8.14 </li>
  </ul>
</div>
</body>
</html>
